129 INFO: PyInstaller: 6.19.0, contrib hooks: 2026.4
131 INFO: Python: 3.12.4
154 INFO: Platform: Windows-11-10.0.26200-SP0
157 INFO: Python environment: C:\HGR App v1.0.0\.venv
161 INFO: Removing temporary files and cleaning cache in C:\Users\Konstantin Markov\AppData\Local\pyinstaller
209 WARNING: Failed to collect submodules for 'PySide6.scripts.deploy_lib' because importing 'PySide6.scripts.deploy_lib' raised: ModuleNotFoundError: No module named 'project_lib'
846 WARNING: Failed to collect submodules for 'mediapipe.tasks.python.genai.converter' because importing 'mediapipe.tasks.python.genai.converter' raised: ModuleNotFoundError: No module named 'torch'
784 WARNING: Failed to collect submodules for 'onnxruntime.quantization.neural_compressor' because importing 'onnxruntime.quantization.neural_compressor' raised: ModuleNotFoundError: No module named 'onnx_ir'
9812 INFO: Module search paths (PYTHONPATH):
['C:\\HGR App v1.0.0',
 'C:\\Users\\Konstantin '
 'Markov\\AppData\\Local\\Programs\\Python\\Python312\\python312.zip',
 'C:\\Users\\Konstantin '
 'Markov\\AppData\\Local\\Programs\\Python\\Python312\\DLLs',
 'C:\\Users\\Konstantin '
 'Markov\\AppData\\Local\\Programs\\Python\\Python312\\Lib',
 'C:\\Users\\Konstantin Markov\\AppData\\Local\\Programs\\Python\\Python312',
 'C:\\HGR App v1.0.0\\.venv',
 'C:\\HGR App v1.0.0\\.venv\\Lib\\site-packages',
 'C:\\HGR App v1.0.0',
 'C:\\HGR App v1.0.0\\src']
10136 INFO: Appending 'binaries' from .spec
10151 INFO: Appending 'datas' from .spec
10349 INFO: checking Analysis
10350 INFO: Building Analysis because Analysis-00.toc is non existent
10350 INFO: Looking for Python shared library...
10351 INFO: Using Python shared library: C:\Users\Konstantin Markov\AppData\Local\Programs\Python\Python312\python312.dll
10351 INFO: Running Analysis Analysis-00.toc
10351 INFO: Target bytecode optimization level: 0
10351 INFO: Initializing module dependency graph...
10353 INFO: Initializing module graph hook caches...
10403 INFO: Analyzing modules for base_library.zip ...
11104 INFO: Processing standard module hook 'hook-heapq.py' from 'C:\\HGR App v1.0.0\\.venv\\Lib\\site-packages\\PyInstaller\\hooks'
11349 INFO: Processing standard module hook 'hook-encodings.py' from 'C:\\HGR App v1.0.0\\.venv\\Lib\\site-packages\\PyInstaller\\hooks'
12300 INFO: Processing standard module hook 'hook-pickle.py' from 'C:\\HGR App v1.0.0\\.venv\\Lib\\site-packages\\PyInstaller\\hooks'
14569 INFO: Caching module dependency graph...
14599 INFO: Analyzing C:\HGR App v1.0.0\run_app.py
14624 INFO: Processing standard module hook 'hook-PySide6.py' from 'C:\\HGR App v1.0.0\\.venv\\Lib\\site-packages\\PyInstaller\\hooks'
14772 INFO: Processing standard module hook 'hook-shiboken6.py' from 'C:\\HGR App v1.0.0\\.venv\\Lib\\site-packages\\PyInstaller\\hooks'
14874 INFO: Processing standard module hook 'hook-PySide6.QtNetwork.py' from 'C:\\HGR App v1.0.0\\.venv\\Lib\\site-packages\\PyInstaller\\hooks'
17234 INFO: Processing standard module hook 'hook-PySide6.QtCore.py' from 'C:\\HGR App v1.0.0\\.venv\\Lib\\site-packages\\PyInstaller\\hooks'
20923 INFO: Processing standard module hook 'hook-PySide6.QtGui.py' from 'C:\\HGR App v1.0.0\\.venv\\Lib\\site-packages\\PyInstaller\\hooks'
39582 INFO: Processing standard module hook 'hook-PySide6.QtWidgets.py' from 'C:\\HGR App v1.0.0\\.venv\\Lib\\site-packages\\PyInstaller\\hooks'
42547 INFO: Processing standard module hook 'hook-_ctypes.py' from 'C:\\HGR App v1.0.0\\.venv\\Lib\\site-packages\\PyInstaller\\hooks'
43370 INFO: Processing standard module hook 'hook-cv2.py' from 'C:\\HGR App v1.0.0\\.venv\\Lib\\site-packages\\_pyinstaller_hooks_contrib\\stdhooks'
43800 INFO: Processing standard module hook 'hook-numpy.py' from 'C:\\HGR App v1.0.0\\.venv\\Lib\\site-packages\\PyInstaller\\hooks'
44196 INFO: Processing standard module hook 'hook-difflib.py' from 'C:\\HGR App v1.0.0\\.venv\\Lib\\site-packages\\PyInstaller\\hooks'
44383 INFO: Processing standard module hook 'hook-multiprocessing.util.py' from 'C:\\HGR App v1.0.0\\.venv\\Lib\\site-packages\\PyInstaller\\hooks'
44519 INFO: Processing standard module hook 'hook-xml.py' from 'C:\\HGR App v1.0.0\\.venv\\Lib\\site-packages\\PyInstaller\\hooks'
45267 INFO: Processing standard module hook 'hook-platform.py' from 'C:\\HGR App v1.0.0\\.venv\\Lib\\site-packages\\PyInstaller\\hooks'
45283 INFO: Processing standard module hook 'hook-sysconfig.py' from 'C:\\HGR App v1.0.0\\.venv\\Lib\\site-packages\\PyInstaller\\hooks'
45647 INFO: Processing standard module hook 'hook-psutil.py' from 'C:\\HGR App v1.0.0\\.venv\\Lib\\site-packages\\_pyinstaller_hooks_contrib\\stdhooks'
46935 INFO: Processing standard module hook 'hook-PySide6.QtMultimedia.py' from 'C:\\HGR App v1.0.0\\.venv\\Lib\\site-packages\\PyInstaller\\hooks'
55245 INFO: Processing standard module hook 'hook-PySide6.QtMultimediaWidgets.py' from 'C:\\HGR App v1.0.0\\.venv\\Lib\\site-packages\\PyInstaller\\hooks'
57720 INFO: Processing standard module hook 'hook-PIL.py' from 'C:\\HGR App v1.0.0\\.venv\\Lib\\site-packages\\PyInstaller\\hooks'
57818 INFO: Processing standard module hook 'hook-PIL.Image.py' from 'C:\\HGR App v1.0.0\\.venv\\Lib\\site-packages\\PyInstaller\\hooks'
58200 INFO: Processing standard module hook 'hook-xml.etree.cElementTree.py' from 'C:\\HGR App v1.0.0\\.venv\\Lib\\site-packages\\PyInstaller\\hooks'
58370 INFO: Processing standard module hook 'hook-PIL.ImageFilter.py' from 'C:\\HGR App v1.0.0\\.venv\\Lib\\site-packages\\PyInstaller\\hooks'
58775 INFO: Processing standard module hook 'hook-sounddevice.py' from 'C:\\HGR App v1.0.0\\.venv\\Lib\\site-packages\\_pyinstaller_hooks_contrib\\stdhooks'
58858 INFO: Processing pre-safe-import-module hook 'hook-tensorflow.py' from 'C:\\HGR App v1.0.0\\.venv\\Lib\\site-packages\\_pyinstaller_hooks_contrib\\pre_safe_import_module'
59266 INFO: Processing standard module hook 'hook-certifi.py' from 'C:\\HGR App v1.0.0\\.venv\\Lib\\site-packages\\_pyinstaller_hooks_contrib\\stdhooks'
59389 INFO: Processing standard module hook 'hook-anyio.py' from 'C:\\HGR App v1.0.0\\.venv\\Lib\\site-packages\\_pyinstaller_hooks_contrib\\stdhooks'
59854 INFO: Processing pre-safe-import-module hook 'hook-typing_extensions.py' from 'C:\\HGR App v1.0.0\\.venv\\Lib\\site-packages\\PyInstaller\\hooks\\pre_safe_import_module'
59855 INFO: SetuptoolsInfo: initializing cached setuptools info...
61070 INFO: Processing standard module hook 'hook-pygments.py' from 'C:\\HGR App v1.0.0\\.venv\\Lib\\site-packages\\PyInstaller\\hooks'
62089 INFO: Processing standard module hook 'hook-rich.py' from 'C:\\HGR App v1.0.0\\.venv\\Lib\\site-packages\\_pyinstaller_hooks_contrib\\stdhooks'
63925 INFO: Processing standard module hook 'hook-pandas.py' from 'C:\\HGR App v1.0.0\\.venv\\Lib\\site-packages\\PyInstaller\\hooks'
65481 INFO: Processing standard module hook 'hook-zoneinfo.py' from 'C:\\HGR App v1.0.0\\.venv\\Lib\\site-packages\\_pyinstaller_hooks_contrib\\stdhooks'
65707 INFO: Processing standard module hook 'hook-scipy.py' from 'C:\\HGR App v1.0.0\\.venv\\Lib\\site-packages\\PyInstaller\\hooks'
65755 INFO: Processing standard module hook 'hook-pytest.py' from 'C:\\HGR App v1.0.0\\.venv\\Lib\\site-packages\\_pyinstaller_hooks_contrib\\stdhooks'
66032 INFO: Processing standard module hook 'hook-py.py' from 'C:\\HGR App v1.0.0\\.venv\\Lib\\site-packages\\_pyinstaller_hooks_contrib\\stdhooks'
66247 INFO: Processing pre-safe-import-module hook 'hook-packaging.py' from 'C:\\HGR App v1.0.0\\.venv\\Lib\\site-packages\\PyInstaller\\hooks\\pre_safe_import_module'
66344 INFO: Processing pre-safe-import-module hook 'hook-tomli.py' from 'C:\\HGR App v1.0.0\\.venv\\Lib\\site-packages\\PyInstaller\\hooks\\pre_safe_import_module'
66345 INFO: Setuptools: 'tomli' appears to be a setuptools-vendored copy - creating alias to 'setuptools._vendor.tomli'!
66352 INFO: Processing standard module hook 'hook-setuptools.py' from 'C:\\HGR App v1.0.0\\.venv\\Lib\\site-packages\\PyInstaller\\hooks'
66377 INFO: Processing pre-safe-import-module hook 'hook-distutils.py' from 'C:\\HGR App v1.0.0\\.venv\\Lib\\site-packages\\PyInstaller\\hooks\\pre_safe_import_module'
66406 INFO: Processing pre-safe-import-module hook 'hook-jaraco.py' from 'C:\\HGR App v1.0.0\\.venv\\Lib\\site-packages\\PyInstaller\\hooks\\pre_safe_import_module'
66407 INFO: Setuptools: 'jaraco' appears to be a full setuptools-vendored copy - creating alias to 'setuptools._vendor.jaraco'!
66418 INFO: Processing pre-safe-import-module hook 'hook-more_itertools.py' from 'C:\\HGR App v1.0.0\\.venv\\Lib\\site-packages\\PyInstaller\\hooks\\pre_safe_import_module'
66419 INFO: Setuptools: 'more_itertools' appears to be a setuptools-vendored copy - creating alias to 'setuptools._vendor.more_itertools'!
66837 INFO: Processing standard module hook 'hook-setuptools._vendor.jaraco.text.py' from 'C:\\HGR App v1.0.0\\.venv\\Lib\\site-packages\\PyInstaller\\hooks'
66842 INFO: Processing pre-safe-import-module hook 'hook-importlib_resources.py' from 'C:\\HGR App v1.0.0\\.venv\\Lib\\site-packages\\PyInstaller\\hooks\\pre_safe_import_module'
66847 INFO: Processing pre-safe-import-module hook 'hook-backports.py' from 'C:\\HGR App v1.0.0\\.venv\\Lib\\site-packages\\PyInstaller\\hooks\\pre_safe_import_module'
66848 INFO: Setuptools: 'backports' appears to be a full setuptools-vendored copy - creating alias to 'setuptools._vendor.backports'!
66997 INFO: Processing pre-safe-import-module hook 'hook-importlib_metadata.py' from 'C:\\HGR App v1.0.0\\.venv\\Lib\\site-packages\\PyInstaller\\hooks\\pre_safe_import_module'
66998 INFO: Setuptools: 'importlib_metadata' appears to be a setuptools-vendored copy - creating alias to 'setuptools._vendor.importlib_metadata'!
67017 INFO: Processing standard module hook 'hook-setuptools._vendor.importlib_metadata.py' from 'C:\\HGR App v1.0.0\\.venv\\Lib\\site-packages\\PyInstaller\\hooks'
67056 INFO: Processing pre-safe-import-module hook 'hook-zipp.py' from 'C:\\HGR App v1.0.0\\.venv\\Lib\\site-packages\\PyInstaller\\hooks\\pre_safe_import_module'
67057 INFO: Setuptools: 'zipp' appears to be a setuptools-vendored copy - creating alias to 'setuptools._vendor.zipp'!
67858 INFO: Processing pre-safe-import-module hook 'hook-wheel.py' from 'C:\\HGR App v1.0.0\\.venv\\Lib\\site-packages\\PyInstaller\\hooks\\pre_safe_import_module'
68583 INFO: Processing standard module hook 'hook-pycparser.py' from 'C:\\HGR App v1.0.0\\.venv\\Lib\\site-packages\\_pyinstaller_hooks_contrib\\stdhooks'
69716 INFO: Processing standard module hook 'hook-xml.dom.domreg.py' from 'C:\\HGR App v1.0.0\\.venv\\Lib\\site-packages\\PyInstaller\\hooks'
70236 INFO: Processing standard module hook 'hook-urllib3.py' from 'C:\\HGR App v1.0.0\\.venv\\Lib\\site-packages\\_pyinstaller_hooks_contrib\\stdhooks'
70529 INFO: Processing standard module hook 'hook-charset_normalizer.py' from 'C:\\HGR App v1.0.0\\.venv\\Lib\\site-packages\\_pyinstaller_hooks_contrib\\stdhooks'
70674 INFO: Processing standard module hook 'hook-cryptography.py' from 'C:\\HGR App v1.0.0\\.venv\\Lib\\site-packages\\_pyinstaller_hooks_contrib\\stdhooks'
75408 INFO: hook-cryptography: cryptography does not seem to be using dynamically linked OpenSSL.
79626 INFO: Processing standard module hook 'hook-sqlite3.py' from 'C:\\HGR App v1.0.0\\.venv\\Lib\\site-packages\\PyInstaller\\hooks'
84594 INFO: Processing standard module hook 'hook-matplotlib.py' from 'C:\\HGR App v1.0.0\\.venv\\Lib\\site-packages\\PyInstaller\\hooks'
85275 INFO: Processing pre-safe-import-module hook 'hook-gi.py' from 'C:\\HGR App v1.0.0\\.venv\\Lib\\site-packages\\PyInstaller\\hooks\\pre_safe_import_module'
85527 INFO: Processing standard module hook 'hook-matplotlib.backend_bases.py' from 'C:\\HGR App v1.0.0\\.venv\\Lib\\site-packages\\PyInstaller\\hooks'
86631 INFO: Processing standard module hook 'hook-matplotlib.backends.py' from 'C:\\HGR App v1.0.0\\.venv\\Lib\\site-packages\\PyInstaller\\hooks'
86763 INFO: Processing standard module hook 'hook-matplotlib.pyplot.py' from 'C:\\HGR App v1.0.0\\.venv\\Lib\\site-packages\\PyInstaller\\hooks'
87719 INFO: Processing standard module hook 'hook-dateutil.py' from 'C:\\HGR App v1.0.0\\.venv\\Lib\\site-packages\\_pyinstaller_hooks_contrib\\stdhooks'
87768 INFO: Processing pre-safe-import-module hook 'hook-six.moves.py' from 'C:\\HGR App v1.0.0\\.venv\\Lib\\site-packages\\PyInstaller\\hooks\\pre_safe_import_module'
90034 INFO: Processing standard module hook 'hook-scipy.linalg.py' from 'C:\\HGR App v1.0.0\\.venv\\Lib\\site-packages\\PyInstaller\\hooks'
90158 INFO: Processing standard module hook 'hook-scipy.special._ufuncs.py' from 'C:\\HGR App v1.0.0\\.venv\\Lib\\site-packages\\PyInstaller\\hooks'
92980 INFO: Processing standard module hook 'hook-scipy.spatial._ckdtree.py' from 'C:\\HGR App v1.0.0\\.venv\\Lib\\site-packages\\PyInstaller\\hooks'
93865 INFO: Processing standard module hook 'hook-scipy.spatial.transform.rotation.py' from 'C:\\HGR App v1.0.0\\.venv\\Lib\\site-packages\\PyInstaller\\hooks'
95303 INFO: Processing standard module hook 'hook-scipy.stats._stats.py' from 'C:\\HGR App v1.0.0\\.venv\\Lib\\site-packages\\PyInstaller\\hooks'
96037 INFO: Processing standard module hook 'hook-scipy.sparse.csgraph.py' from 'C:\\HGR App v1.0.0\\.venv\\Lib\\site-packages\\PyInstaller\\hooks'
97754 INFO: Processing standard module hook 'hook-scipy.special._ellip_harm_2.py' from 'C:\\HGR App v1.0.0\\.venv\\Lib\\site-packages\\PyInstaller\\hooks'
103164 INFO: Processing standard module hook 'hook-pandas.io.formats.style.py' from 'C:\\HGR App v1.0.0\\.venv\\Lib\\site-packages\\PyInstaller\\hooks'
105736 INFO: Processing standard module hook 'hook-numba.py' from 'C:\\HGR App v1.0.0\\.venv\\Lib\\site-packages\\_pyinstaller_hooks_contrib\\stdhooks'
105767 INFO: Processing standard module hook 'hook-llvmlite.py' from 'C:\\HGR App v1.0.0\\.venv\\Lib\\site-packages\\_pyinstaller_hooks_contrib\\stdhooks'
112427 INFO: Processing pre-safe-import-module hook 'hook-win32com.py' from 'C:\\HGR App v1.0.0\\.venv\\Lib\\site-packages\\_pyinstaller_hooks_contrib\\pre_safe_import_module'
116338 INFO: Processing standard module hook 'hook-pandas.plotting.py' from 'C:\\HGR App v1.0.0\\.venv\\Lib\\site-packages\\PyInstaller\\hooks'
119808 INFO: Processing standard module hook 'hook-pandas.io.clipboard.py' from 'C:\\HGR App v1.0.0\\.venv\\Lib\\site-packages\\PyInstaller\\hooks'
120000 INFO: Processing standard module hook 'hook-fsspec.py' from 'C:\\HGR App v1.0.0\\.venv\\Lib\\site-packages\\_pyinstaller_hooks_contrib\\stdhooks'
125030 INFO: Processing standard module hook 'hook-av.py' from 'C:\\HGR App v1.0.0\\.venv\\Lib\\site-packages\\_pyinstaller_hooks_contrib\\stdhooks'
126470 INFO: Processing standard module hook 'hook-onnxruntime.py' from 'C:\\HGR App v1.0.0\\.venv\\Lib\\site-packages\\_pyinstaller_hooks_contrib\\stdhooks'
133064 INFO: Processing standard module hook 'hook-comtypes.client.py' from 'C:\\HGR App v1.0.0\\.venv\\Lib\\site-packages\\_pyinstaller_hooks_contrib\\stdhooks'
139069 INFO: Analyzing hidden import 'PySide6.Qt3DAnimation'
139114 INFO: Processing standard module hook 'hook-PySide6.Qt3DAnimation.py' from 'C:\\HGR App v1.0.0\\.venv\\Lib\\site-packages\\PyInstaller\\hooks'
143729 INFO: Processing standard module hook 'hook-PySide6.Qt3DCore.py' from 'C:\\HGR App v1.0.0\\.venv\\Lib\\site-packages\\PyInstaller\\hooks'
149471 INFO: Processing standard module hook 'hook-PySide6.Qt3DRender.py' from 'C:\\HGR App v1.0.0\\.venv\\Lib\\site-packages\\PyInstaller\\hooks'
170696 INFO: Processing standard module hook 'hook-PySide6.QtOpenGL.py' from 'C:\\HGR App v1.0.0\\.venv\\Lib\\site-packages\\PyInstaller\\hooks'
181920 INFO: Analyzing hidden import 'PySide6.Qt3DExtras'
181983 INFO: Processing standard module hook 'hook-PySide6.Qt3DExtras.py' from 'C:\\HGR App v1.0.0\\.venv\\Lib\\site-packages\\PyInstaller\\hooks'
186037 INFO: Analyzing hidden import 'PySide6.Qt3DInput'
186064 INFO: Processing standard module hook 'hook-PySide6.Qt3DInput.py' from 'C:\\HGR App v1.0.0\\.venv\\Lib\\site-packages\\PyInstaller\\hooks'
189169 INFO: Analyzing hidden import 'PySide6.Qt3DLogic'
189184 INFO: Processing standard module hook 'hook-PySide6.Qt3DLogic.py' from 'C:\\HGR App v1.0.0\\.venv\\Lib\\site-packages\\PyInstaller\\hooks'
192772 INFO: Analyzing hidden import 'PySide6.QtAsyncio'
192816 INFO: Analyzing hidden import 'PySide6.QtAxContainer'
192844 INFO: Processing standard module hook 'hook-PySide6.QtAxContainer.py' from 'C:\\HGR App v1.0.0\\.venv\\Lib\\site-packages\\PyInstaller\\hooks'
195705 INFO: Analyzing hidden import 'PySide6.QtBluetooth'
195789 INFO: Processing standard module hook 'hook-PySide6.QtBluetooth.py' from 'C:\\HGR App v1.0.0\\.venv\\Lib\\site-packages\\PyInstaller\\hooks'
197828 INFO: Analyzing hidden import 'PySide6.QtCanvasPainter'
198036 INFO: Processing standard module hook 'hook-PySide6.QtQuick.py' from 'C:\\HGR App v1.0.0\\.venv\\Lib\\site-packages\\PyInstaller\\hooks'
204345 INFO: Processing standard module hook 'hook-PySide6.QtQml.py' from 'C:\\HGR App v1.0.0\\.venv\\Lib\\site-packages\\PyInstaller\\hooks'
344371 INFO: Analyzing hidden import 'PySide6.QtCharts'
344465 INFO: Processing standard module hook 'hook-PySide6.QtCharts.py' from 'C:\\HGR App v1.0.0\\.venv\\Lib\\site-packages\\PyInstaller\\hooks'
347982 INFO: Analyzing hidden import 'PySide6.QtConcurrent'
347997 INFO: Processing standard module hook 'hook-PySide6.QtConcurrent.py' from 'C:\\HGR App v1.0.0\\.venv\\Lib\\site-packages\\PyInstaller\\hooks'
349268 INFO: Analyzing hidden import 'PySide6.QtDBus'
349304 INFO: Processing standard module hook 'hook-PySide6.QtDBus.py' from 'C:\\HGR App v1.0.0\\.venv\\Lib\\site-packages\\PyInstaller\\hooks'
351600 INFO: Analyzing hidden import 'PySide6.QtDataVisualization'
351686 INFO: Processing standard module hook 'hook-PySide6.QtDataVisualization.py' from 'C:\\HGR App v1.0.0\\.venv\\Lib\\site-packages\\PyInstaller\\hooks'
354730 INFO: Analyzing hidden import 'PySide6.QtDesigner'
354767 INFO: Processing standard module hook 'hook-PySide6.QtDesigner.py' from 'C:\\HGR App v1.0.0\\.venv\\Lib\\site-packages\\PyInstaller\\hooks'
364148 INFO: Analyzing hidden import 'PySide6.QtGraphs'
364434 INFO: Processing standard module hook 'hook-PySide6.QtGraphs.py' from 'C:\\HGR App v1.0.0\\.venv\\Lib\\site-packages\\PyInstaller\\hooks'
370331 INFO: Analyzing hidden import 'PySide6.QtGraphsWidgets'
370371 INFO: Processing standard module hook 'hook-PySide6.QtGraphsWidgets.py' from 'C:\\HGR App v1.0.0\\.venv\\Lib\\site-packages\\PyInstaller\\hooks'
372507 INFO: Processing standard module hook 'hook-PySide6.QtQuickWidgets.py' from 'C:\\HGR App v1.0.0\\.venv\\Lib\\site-packages\\PyInstaller\\hooks'
377032 INFO: Analyzing hidden import 'PySide6.QtHelp'
377075 INFO: Processing standard module hook 'hook-PySide6.QtHelp.py' from 'C:\\HGR App v1.0.0\\.venv\\Lib\\site-packages\\PyInstaller\\hooks'
381391 INFO: Analyzing hidden import 'PySide6.QtHttpServer'
381430 INFO: Processing standard module hook 'hook-PySide6.QtHttpServer.py' from 'C:\\HGR App v1.0.0\\.venv\\Lib\\site-packages\\PyInstaller\\hooks'
384936 INFO: Analyzing hidden import 'PySide6.QtLocation'
385036 INFO: Processing standard module hook 'hook-PySide6.QtLocation.py' from 'C:\\HGR App v1.0.0\\.venv\\Lib\\site-packages\\PyInstaller\\hooks'
393878 INFO: Processing standard module hook 'hook-PySide6.QtPositioning.py' from 'C:\\HGR App v1.0.0\\.venv\\Lib\\site-packages\\PyInstaller\\hooks'
403607 INFO: Analyzing hidden import 'PySide6.QtNetworkAuth'
403658 INFO: Processing standard module hook 'hook-PySide6.QtNetworkAuth.py' from 'C:\\HGR App v1.0.0\\.venv\\Lib\\site-packages\\PyInstaller\\hooks'
406863 INFO: Analyzing hidden import 'PySide6.QtNfc'
406896 INFO: Processing standard module hook 'hook-PySide6.QtNfc.py' from 'C:\\HGR App v1.0.0\\.venv\\Lib\\site-packages\\PyInstaller\\hooks'
409912 INFO: Analyzing hidden import 'PySide6.QtOpenGLWidgets'
409917 INFO: Processing standard module hook 'hook-PySide6.QtOpenGLWidgets.py' from 'C:\\HGR App v1.0.0\\.venv\\Lib\\site-packages\\PyInstaller\\hooks'
413387 INFO: Analyzing hidden import 'PySide6.QtPdf'
413423 INFO: Processing standard module hook 'hook-PySide6.QtPdf.py' from 'C:\\HGR App v1.0.0\\.venv\\Lib\\site-packages\\PyInstaller\\hooks'
417613 INFO: Analyzing hidden import 'PySide6.QtPdfWidgets'
417633 INFO: Processing standard module hook 'hook-PySide6.QtPdfWidgets.py' from 'C:\\HGR App v1.0.0\\.venv\\Lib\\site-packages\\PyInstaller\\hooks'
420202 INFO: Analyzing hidden import 'PySide6.QtPrintSupport'
420230 INFO: Processing standard module hook 'hook-PySide6.QtPrintSupport.py' from 'C:\\HGR App v1.0.0\\.venv\\Lib\\site-packages\\PyInstaller\\hooks'
423678 INFO: Analyzing hidden import 'PySide6.QtQuick3D'
423705 INFO: Processing standard module hook 'hook-PySide6.QtQuick3D.py' from 'C:\\HGR App v1.0.0\\.venv\\Lib\\site-packages\\PyInstaller\\hooks'
427491 INFO: Analyzing hidden import 'PySide6.QtQuickControls2'
427508 INFO: Processing standard module hook 'hook-PySide6.QtQuickControls2.py' from 'C:\\HGR App v1.0.0\\.venv\\Lib\\site-packages\\PyInstaller\\hooks'
430142 INFO: Analyzing hidden import 'PySide6.QtQuickTest'
430156 INFO: Analyzing hidden import 'PySide6.QtRemoteObjects'
430186 INFO: Processing standard module hook 'hook-PySide6.QtRemoteObjects.py' from 'C:\\HGR App v1.0.0\\.venv\\Lib\\site-packages\\PyInstaller\\hooks'
432871 INFO: Analyzing hidden import 'PySide6.QtScxml'
432909 INFO: Processing standard module hook 'hook-PySide6.QtScxml.py' from 'C:\\HGR App v1.0.0\\.venv\\Lib\\site-packages\\PyInstaller\\hooks'
436608 INFO: Analyzing hidden import 'PySide6.QtSensors'
436655 INFO: Processing standard module hook 'hook-PySide6.QtSensors.py' from 'C:\\HGR App v1.0.0\\.venv\\Lib\\site-packages\\PyInstaller\\hooks'
440986 INFO: Analyzing hidden import 'PySide6.QtSerialBus'
441029 INFO: Processing standard module hook 'hook-PySide6.QtSerialBus.py' from 'C:\\HGR App v1.0.0\\.venv\\Lib\\site-packages\\PyInstaller\\hooks'
449732 INFO: Analyzing hidden import 'PySide6.QtSerialPort'
449762 INFO: Processing standard module hook 'hook-PySide6.QtSerialPort.py' from 'C:\\HGR App v1.0.0\\.venv\\Lib\\site-packages\\PyInstaller\\hooks'
452197 INFO: Analyzing hidden import 'PySide6.QtSpatialAudio'
452218 INFO: Processing standard module hook 'hook-PySide6.QtSpatialAudio.py' from 'C:\\HGR App v1.0.0\\.venv\\Lib\\site-packages\\PyInstaller\\hooks'
455282 INFO: Analyzing hidden import 'PySide6.QtSql'
455349 INFO: Processing standard module hook 'hook-PySide6.QtSql.py' from 'C:\\HGR App v1.0.0\\.venv\\Lib\\site-packages\\PyInstaller\\hooks'
464881 INFO: Analyzing hidden import 'PySide6.QtStateMachine'
464910 INFO: Processing standard module hook 'hook-PySide6.QtStateMachine.py' from 'C:\\HGR App v1.0.0\\.venv\\Lib\\site-packages\\PyInstaller\\hooks'
467365 INFO: Analyzing hidden import 'PySide6.QtSvg'
467388 INFO: Processing standard module hook 'hook-PySide6.QtSvg.py' from 'C:\\HGR App v1.0.0\\.venv\\Lib\\site-packages\\PyInstaller\\hooks'
470336 INFO: Analyzing hidden import 'PySide6.QtSvgWidgets'
470352 INFO: Processing standard module hook 'hook-PySide6.QtSvgWidgets.py' from 'C:\\HGR App v1.0.0\\.venv\\Lib\\site-packages\\PyInstaller\\hooks'
473430 INFO: Analyzing hidden import 'PySide6.QtTest'
473481 INFO: Processing standard module hook 'hook-PySide6.QtTest.py' from 'C:\\HGR App v1.0.0\\.venv\\Lib\\site-packages\\PyInstaller\\hooks'
476641 INFO: Analyzing hidden import 'PySide6.QtTextToSpeech'
476671 INFO: Processing standard module hook 'hook-PySide6.QtTextToSpeech.py' from 'C:\\HGR App v1.0.0\\.venv\\Lib\\site-packages\\PyInstaller\\hooks'
482529 INFO: Analyzing hidden import 'PySide6.QtUiTools'
482545 INFO: Processing standard module hook 'hook-PySide6.QtUiTools.py' from 'C:\\HGR App v1.0.0\\.venv\\Lib\\site-packages\\PyInstaller\\hooks'
485473 INFO: Analyzing hidden import 'PySide6.QtWebChannel'
485490 INFO: Processing standard module hook 'hook-PySide6.QtWebChannel.py' from 'C:\\HGR App v1.0.0\\.venv\\Lib\\site-packages\\PyInstaller\\hooks'
488070 INFO: Analyzing hidden import 'PySide6.QtWebEngineCore'
488134 INFO: Processing standard module hook 'hook-PySide6.QtWebEngineCore.py' from 'C:\\HGR App v1.0.0\\.venv\\Lib\\site-packages\\PyInstaller\\hooks'
501750 INFO: Analyzing hidden import 'PySide6.QtWebEngineQuick'
501781 INFO: Processing standard module hook 'hook-PySide6.QtWebEngineQuick.py' from 'C:\\HGR App v1.0.0\\.venv\\Lib\\site-packages\\PyInstaller\\hooks'
506537 INFO: Analyzing hidden import 'PySide6.QtWebEngineWidgets'
506560 INFO: Processing standard module hook 'hook-PySide6.QtWebEngineWidgets.py' from 'C:\\HGR App v1.0.0\\.venv\\Lib\\site-packages\\PyInstaller\\hooks'
509705 INFO: Analyzing hidden import 'PySide6.QtWebSockets'
509728 INFO: Processing standard module hook 'hook-PySide6.QtWebSockets.py' from 'C:\\HGR App v1.0.0\\.venv\\Lib\\site-packages\\PyInstaller\\hooks'
512063 INFO: Analyzing hidden import 'PySide6.QtWebView'
512082 INFO: Analyzing hidden import 'PySide6.QtXml'
512112 INFO: Processing standard module hook 'hook-PySide6.QtXml.py' from 'C:\\HGR App v1.0.0\\.venv\\Lib\\site-packages\\PyInstaller\\hooks'
514432 INFO: Analyzing hidden import 'PySide6._config'
514446 INFO: Analyzing hidden import 'PySide6._git_pyside_version'
514457 INFO: Analyzing hidden import 'PySide6.scripts'
514458 INFO: Analyzing hidden import 'PySide6.scripts.deploy'
514477 INFO: Analyzing hidden import 'PySide6.scripts.metaobjectdump'
514503 INFO: Analyzing hidden import 'PySide6.scripts.project'
514529 INFO: Analyzing hidden import 'PySide6.scripts.project_lib'
514557 INFO: Analyzing hidden import 'PySide6.scripts.pyside_tool'
514576 INFO: Analyzing hidden import 'PySide6.scripts.qml'
514596 INFO: Analyzing hidden import 'PySide6.scripts.qtpy2cpp'
514601 INFO: Analyzing hidden import 'PySide6.support'
514603 INFO: Analyzing hidden import 'PySide6.support.deprecated'
514616 INFO: Analyzing hidden import 'PySide6.support.generate_pyi'
514632 INFO: Analyzing hidden import 'shiboken6._config'
514643 INFO: Analyzing hidden import 'shiboken6._git_shiboken_module_version'
514645 INFO: Analyzing hidden import 'mediapipe.calculators.audio'
514646 INFO: Analyzing hidden import 'mediapipe.calculators.audio.mfcc_mel_calculators_pb2'
514669 INFO: Analyzing hidden import 'mediapipe.calculators.audio.rational_factor_resample_calculator_pb2'
514690 INFO: Analyzing hidden import 'mediapipe.calculators.audio.resample_time_series_calculator_pb2'
514712 INFO: Analyzing hidden import 'mediapipe.calculators.audio.spectrogram_calculator_pb2'
514733 INFO: Analyzing hidden import 'mediapipe.calculators.audio.stabilized_log_calculator_pb2'
514754 INFO: Analyzing hidden import 'mediapipe.calculators.audio.time_series_framer_calculator_pb2'
514779 INFO: Analyzing hidden import 'mediapipe.calculators.core.bypass_calculator_pb2'
514800 INFO: Analyzing hidden import 'mediapipe.calculators.core.clip_vector_size_calculator_pb2'
514820 INFO: Analyzing hidden import 'mediapipe.calculators.core.concatenate_vector_calculator_pb2'
514841 INFO: Analyzing hidden import 'mediapipe.calculators.core.dequantize_byte_array_calculator_pb2'
514861 INFO: Analyzing hidden import 'mediapipe.calculators.core.get_vector_item_calculator_pb2'
514864 INFO: Analyzing hidden import 'mediapipe.calculators.core.graph_profile_calculator_pb2'
514885 INFO: Analyzing hidden import 'mediapipe.calculators.core.packet_cloner_calculator_pb2'
514904 INFO: Analyzing hidden import 'mediapipe.calculators.core.packet_resampler_calculator_pb2'
514907 INFO: Analyzing hidden import 'mediapipe.calculators.core.packet_thinner_calculator_pb2'
514929 INFO: Analyzing hidden import 'mediapipe.calculators.core.quantize_float_vector_calculator_pb2'
514932 INFO: Analyzing hidden import 'mediapipe.calculators.core.sequence_shift_calculator_pb2'
514952 INFO: Analyzing hidden import 'mediapipe.calculators.image.bilateral_filter_calculator_pb2'
514956 INFO: Analyzing hidden import 'mediapipe.calculators.image.feature_detector_calculator_pb2'
514976 INFO: Analyzing hidden import 'mediapipe.calculators.image.image_clone_calculator_pb2'
514999 INFO: Analyzing hidden import 'mediapipe.calculators.image.image_cropping_calculator_pb2'
515020 INFO: Analyzing hidden import 'mediapipe.calculators.image.mask_overlay_calculator_pb2'
515041 INFO: Analyzing hidden import 'mediapipe.calculators.image.opencv_encoded_image_to_image_frame_calculator_pb2'
515061 INFO: Analyzing hidden import 'mediapipe.calculators.image.opencv_image_encoder_calculator_pb2'
515081 INFO: Analyzing hidden import 'mediapipe.calculators.image.recolor_calculator_pb2'
515104 INFO: Analyzing hidden import 'mediapipe.calculators.image.scale_image_calculator_pb2'
515126 INFO: Analyzing hidden import 'mediapipe.calculators.image.segmentation_smoothing_calculator_pb2'
515147 INFO: Analyzing hidden import 'mediapipe.calculators.image.set_alpha_calculator_pb2'
515167 INFO: Analyzing hidden import 'mediapipe.calculators.internal'
515169 INFO: Analyzing hidden import 'mediapipe.calculators.internal.callback_packet_calculator_pb2'
515172 INFO: Analyzing hidden import 'mediapipe.calculators.tensor.audio_to_tensor_calculator_pb2'
515193 INFO: Analyzing hidden import 'mediapipe.calculators.tensor.bert_preprocessor_calculator_pb2'
515213 INFO: Analyzing hidden import 'mediapipe.calculators.tensor.feedback_tensors_calculator_pb2'
515216 INFO: Analyzing hidden import 'mediapipe.calculators.tensor.landmarks_to_tensor_calculator_pb2'
515236 INFO: Analyzing hidden import 'mediapipe.calculators.tensor.regex_preprocessor_calculator_pb2'
515257 INFO: Analyzing hidden import 'mediapipe.calculators.tensor.tensor_converter_calculator_pb2'
515261 INFO: Analyzing hidden import 'mediapipe.calculators.tensor.tensor_to_joints_calculator_pb2'
515264 INFO: Analyzing hidden import 'mediapipe.calculators.tensor.tensors_readback_calculator_pb2'
515267 INFO: Analyzing hidden import 'mediapipe.calculators.tensor.tensors_to_audio_calculator_pb2'
515270 INFO: Analyzing hidden import 'mediapipe.calculators.tensor.vector_to_tensor_calculator_pb2'
515274 INFO: Analyzing hidden import 'mediapipe.calculators.tflite.tflite_converter_calculator_pb2'
515295 INFO: Analyzing hidden import 'mediapipe.calculators.tflite.tflite_custom_op_resolver_calculator_pb2'
515316 INFO: Analyzing hidden import 'mediapipe.calculators.tflite.tflite_inference_calculator_pb2'
515338 INFO: Analyzing hidden import 'mediapipe.calculators.tflite.tflite_tensors_to_classification_calculator_pb2'
515358 INFO: Analyzing hidden import 'mediapipe.calculators.tflite.tflite_tensors_to_detections_calculator_pb2'
515378 INFO: Analyzing hidden import 'mediapipe.calculators.tflite.tflite_tensors_to_landmarks_calculator_pb2'
515400 INFO: Analyzing hidden import 'mediapipe.calculators.tflite.tflite_tensors_to_segmentation_calculator_pb2'
515403 INFO: Analyzing hidden import 'mediapipe.calculators.util.align_hand_to_pose_in_world_calculator_pb2'
515426 INFO: Analyzing hidden import 'mediapipe.calculators.util.annotation_overlay_calculator_pb2'
515446 INFO: Analyzing hidden import 'mediapipe.calculators.util.combine_joints_calculator_pb2'
515468 INFO: Analyzing hidden import 'mediapipe.calculators.util.detections_to_render_data_calculator_pb2'
515489 INFO: Analyzing hidden import 'mediapipe.calculators.util.face_to_rect_calculator_pb2'
515508 INFO: Analyzing hidden import 'mediapipe.calculators.util.filter_detections_calculator_pb2'
515527 INFO: Analyzing hidden import 'mediapipe.calculators.util.flat_color_image_calculator_pb2'
515547 INFO: Analyzing hidden import 'mediapipe.calculators.util.labels_to_render_data_calculator_pb2'
515568 INFO: Analyzing hidden import 'mediapipe.calculators.util.landmarks_to_detection_calculator_pb2'
515589 INFO: Analyzing hidden import 'mediapipe.calculators.util.landmarks_to_floats_calculator_pb2'
515592 INFO: Analyzing hidden import 'mediapipe.calculators.util.landmarks_to_render_data_calculator_pb2'
515595 INFO: Analyzing hidden import 'mediapipe.calculators.util.landmarks_transformation_calculator_pb2'
515598 INFO: Analyzing hidden import 'mediapipe.calculators.util.latency_pb2'
515601 INFO: Analyzing hidden import 'mediapipe.calculators.util.packet_frequency_calculator_pb2'
515623 INFO: Analyzing hidden import 'mediapipe.calculators.util.packet_frequency_pb2'
515642 INFO: Analyzing hidden import 'mediapipe.calculators.util.packet_latency_calculator_pb2'
515665 INFO: Analyzing hidden import 'mediapipe.calculators.util.rect_to_render_data_calculator_pb2'
515688 INFO: Analyzing hidden import 'mediapipe.calculators.util.rect_to_render_scale_calculator_pb2'
515692 INFO: Analyzing hidden import 'mediapipe.calculators.util.refine_landmarks_from_heatmap_calculator_pb2'
515714 INFO: Analyzing hidden import 'mediapipe.calculators.util.resource_provider_calculator_pb2'
515735 INFO: Analyzing hidden import 'mediapipe.calculators.util.set_joints_visibility_calculator_pb2'
515757 INFO: Analyzing hidden import 'mediapipe.calculators.util.timed_box_list_id_to_label_calculator_pb2'
515777 INFO: Analyzing hidden import 'mediapipe.calculators.util.timed_box_list_to_render_data_calculator_pb2'
515799 INFO: Analyzing hidden import 'mediapipe.calculators.util.top_k_scores_calculator_pb2'
515802 INFO: Analyzing hidden import 'mediapipe.calculators.util.visibility_copy_calculator_pb2'
515822 INFO: Analyzing hidden import 'mediapipe.calculators.video'
515823 INFO: Analyzing hidden import 'mediapipe.calculators.video.box_detector_calculator_pb2'
515937 INFO: Analyzing hidden import 'mediapipe.calculators.video.box_tracker_calculator_pb2'
515957 INFO: Analyzing hidden import 'mediapipe.calculators.video.flow_packager_calculator_pb2'
516000 INFO: Analyzing hidden import 'mediapipe.calculators.video.flow_to_image_calculator_pb2'
516024 INFO: Analyzing hidden import 'mediapipe.calculators.video.motion_analysis_calculator_pb2'
516185 INFO: Analyzing hidden import 'mediapipe.calculators.video.opencv_video_encoder_calculator_pb2'
516207 INFO: Analyzing hidden import 'mediapipe.calculators.video.tool'
516208 INFO: Analyzing hidden import 'mediapipe.calculators.video.tool.flow_quantizer_model_pb2'
516212 INFO: Analyzing hidden import 'mediapipe.calculators.video.tracked_detection_manager_calculator_pb2'
516251 INFO: Analyzing hidden import 'mediapipe.calculators.video.video_pre_stream_calculator_pb2'
516272 INFO: Analyzing hidden import 'mediapipe.examples'
516283 INFO: Analyzing hidden import 'mediapipe.examples.desktop'
516285 INFO: Analyzing hidden import 'mediapipe.framework.calculator_profile_pb2'
516289 INFO: Analyzing hidden import 'mediapipe.framework.deps'
516290 INFO: Analyzing hidden import 'mediapipe.framework.deps.proto_descriptor_pb2'
516310 INFO: Analyzing hidden import 'mediapipe.framework.formats.affine_transform_data_pb2'
516313 INFO: Analyzing hidden import 'mediapipe.framework.formats.annotation.locus_pb2'
516334 INFO: Analyzing hidden import 'mediapipe.framework.formats.image_file_properties_pb2'
516355 INFO: Analyzing hidden import 'mediapipe.framework.formats.motion'
516356 INFO: Analyzing hidden import 'mediapipe.framework.formats.motion.optical_flow_field_data_pb2'
516376 INFO: Analyzing hidden import 'mediapipe.framework.graph_runtime_info_pb2'
516399 INFO: Analyzing hidden import 'mediapipe.framework.stream_handler'
516400 INFO: Analyzing hidden import 'mediapipe.framework.stream_handler.default_input_stream_handler_pb2'
516420 INFO: Analyzing hidden import 'mediapipe.framework.stream_handler.fixed_size_input_stream_handler_pb2'
516440 INFO: Analyzing hidden import 'mediapipe.framework.stream_handler.sync_set_input_stream_handler_pb2'
516460 INFO: Analyzing hidden import 'mediapipe.framework.stream_handler.timestamp_align_input_stream_handler_pb2'
516480 INFO: Analyzing hidden import 'mediapipe.framework.test_calculators_pb2'
516500 INFO: Analyzing hidden import 'mediapipe.framework.thread_pool_executor_pb2'
516504 INFO: Analyzing hidden import 'mediapipe.framework.tool.calculator_graph_template_pb2'
516528 INFO: Analyzing hidden import 'mediapipe.framework.tool.field_data_pb2'
516550 INFO: Analyzing hidden import 'mediapipe.framework.tool.node_chain_subgraph_pb2'
516569 INFO: Analyzing hidden import 'mediapipe.framework.tool.packet_generator_wrapper_calculator_pb2'
516592 INFO: Analyzing hidden import 'mediapipe.framework.tool.source_pb2'
516595 INFO: Analyzing hidden import 'mediapipe.gpu.copy_calculator_pb2'
516616 INFO: Analyzing hidden import 'mediapipe.gpu.gl_animation_overlay_calculator_pb2'
516637 INFO: Analyzing hidden import 'mediapipe.gpu.gl_context_options_pb2'
516656 INFO: Analyzing hidden import 'mediapipe.gpu.gl_scaler_calculator_pb2'
516678 INFO: Analyzing hidden import 'mediapipe.gpu.gl_surface_sink_calculator_pb2'
516697 INFO: Analyzing hidden import 'mediapipe.modules.face_geometry'
516699 INFO: Analyzing hidden import 'mediapipe.modules.face_geometry.data'
516699 INFO: Analyzing hidden import 'mediapipe.modules.face_geometry.effect_renderer_calculator_pb2'
516721 INFO: Analyzing hidden import 'mediapipe.modules.face_geometry.env_generator_calculator_pb2'
516763 INFO: Analyzing hidden import 'mediapipe.modules.face_geometry.geometry_pipeline_calculator_pb2'
516783 INFO: Analyzing hidden import 'mediapipe.modules.face_geometry.libs'
516784 INFO: Analyzing hidden import 'mediapipe.modules.face_geometry.protos.face_geometry_pb2'
516826 INFO: Analyzing hidden import 'mediapipe.modules.face_geometry.protos.geometry_pipeline_metadata_pb2'
516846 INFO: Analyzing hidden import 'mediapipe.modules.face_landmark'
516848 INFO: Analyzing hidden import 'mediapipe.modules.hand_landmark'
516849 INFO: Analyzing hidden import 'mediapipe.modules.hand_landmark.calculators'
516850 INFO: Analyzing hidden import 'mediapipe.modules.iris_landmark'
516850 INFO: Analyzing hidden import 'mediapipe.modules.objectron.calculators.camera_parameters_pb2'
516871 INFO: Analyzing hidden import 'mediapipe.modules.objectron.calculators.filter_detection_calculator_pb2'
516874 INFO: Analyzing hidden import 'mediapipe.modules.objectron.calculators.frame_annotation_tracker_calculator_pb2'
516896 INFO: Analyzing hidden import 'mediapipe.modules.objectron.calculators.tensors_to_objects_calculator_pb2'
516899 INFO: Analyzing hidden import 'mediapipe.modules.objectron.calculators.tflite_tensors_to_objects_calculator_pb2'
516922 INFO: Analyzing hidden import 'mediapipe.modules.palm_detection'
516923 INFO: Analyzing hidden import 'mediapipe.modules.pose_detection'
516924 INFO: Analyzing hidden import 'mediapipe.modules.pose_landmark'
516925 INFO: Analyzing hidden import 'mediapipe.modules.selfie_segmentation'
516926 INFO: Analyzing hidden import 'mediapipe.python.calculator_graph_test'
517054 INFO: Analyzing hidden import 'mediapipe.python.image_frame_test'
517079 INFO: Analyzing hidden import 'mediapipe.python.image_test'
517104 INFO: Analyzing hidden import 'mediapipe.python.packet_test'
517130 INFO: Analyzing hidden import 'mediapipe.python.solution_base_test'
517173 INFO: Analyzing hidden import 'mediapipe.python.solutions.drawing_utils_test'
517193 INFO: Analyzing hidden import 'mediapipe.python.solutions.face_detection_test'
517198 INFO: Analyzing hidden import 'mediapipe.python.solutions.face_mesh_test'
517216 INFO: Analyzing hidden import 'mediapipe.python.solutions.hands_test'
517237 INFO: Analyzing hidden import 'mediapipe.python.solutions.holistic_test'
517255 INFO: Analyzing hidden import 'mediapipe.python.solutions.objectron_test'
517271 INFO: Analyzing hidden import 'mediapipe.python.solutions.pose_test'
517292 INFO: Analyzing hidden import 'mediapipe.python.solutions.selfie_segmentation_test'
517308 INFO: Analyzing hidden import 'mediapipe.python.timestamp_test'
517322 INFO: Analyzing hidden import 'mediapipe.tasks.cc.audio.core'
517324 INFO: Analyzing hidden import 'mediapipe.tasks.cc.audio.utils'
517324 INFO: Analyzing hidden import 'mediapipe.tasks.cc.components.calculators'
517325 INFO: Analyzing hidden import 'mediapipe.tasks.cc.components.calculators.classification_aggregation_calculator_pb2'
517346 INFO: Analyzing hidden import 'mediapipe.tasks.cc.components.calculators.score_calibration_calculator_pb2'
517369 INFO: Analyzing hidden import 'mediapipe.tasks.cc.components.calculators.tensors_to_embeddings_calculator_pb2'
517394 INFO: Analyzing hidden import 'mediapipe.tasks.cc.components.processors.proto.classification_postprocessing_graph_options_pb2'
517399 INFO: Analyzing hidden import 'mediapipe.tasks.cc.components.processors.proto.detection_postprocessing_graph_options_pb2'
517403 INFO: Analyzing hidden import 'mediapipe.tasks.cc.components.processors.proto.detector_options_pb2'
517426 INFO: Analyzing hidden import 'mediapipe.tasks.cc.components.processors.proto.embedding_postprocessing_graph_options_pb2'
517429 INFO: Analyzing hidden import 'mediapipe.tasks.cc.components.processors.proto.image_preprocessing_graph_options_pb2'
517454 INFO: Analyzing hidden import 'mediapipe.tasks.cc.components.processors.proto.text_model_type_pb2'
517457 INFO: Analyzing hidden import 'mediapipe.tasks.cc.components.processors.proto.text_preprocessing_graph_options_pb2'
517478 INFO: Analyzing hidden import 'mediapipe.tasks.cc.components.utils'
517479 INFO: Analyzing hidden import 'mediapipe.tasks.cc.core.proto.inference_subgraph_pb2'
517482 INFO: Analyzing hidden import 'mediapipe.tasks.cc.core.proto.model_resources_calculator_pb2'
517503 INFO: Analyzing hidden import 'mediapipe.tasks.cc.genai'
517504 INFO: Analyzing hidden import 'mediapipe.tasks.cc.genai.inference'
517506 INFO: Analyzing hidden import 'mediapipe.tasks.cc.genai.inference.c'
517507 INFO: Analyzing hidden import 'mediapipe.tasks.cc.genai.inference.calculators'
517508 INFO: Analyzing hidden import 'mediapipe.tasks.cc.genai.inference.calculators.detokenizer_calculator_pb2'
517529 INFO: Analyzing hidden import 'mediapipe.tasks.cc.genai.inference.calculators.llm_gpu_calculator_pb2'
517636 INFO: Analyzing hidden import 'mediapipe.tasks.cc.genai.inference.calculators.model_data_calculator_pb2'
517657 INFO: Analyzing hidden import 'mediapipe.tasks.cc.genai.inference.calculators.tokenizer_calculator_pb2'
517679 INFO: Analyzing hidden import 'mediapipe.tasks.cc.genai.inference.common'
517681 INFO: Analyzing hidden import 'mediapipe.tasks.cc.genai.inference.utils'
517682 INFO: Analyzing hidden import 'mediapipe.tasks.cc.genai.inference.utils.llm_utils'
517683 INFO: Analyzing hidden import 'mediapipe.tasks.cc.genai.inference.utils.xnn_utils'
517684 INFO: Analyzing hidden import 'mediapipe.tasks.cc.metadata'
517685 INFO: Analyzing hidden import 'mediapipe.tasks.cc.metadata.python'
517686 INFO: Analyzing hidden import 'mediapipe.tasks.cc.metadata.python._pywrap_metadata_version'
517688 INFO: Analyzing hidden import 'mediapipe.tasks.cc.metadata.tests'
517689 INFO: Analyzing hidden import 'mediapipe.tasks.cc.metadata.utils'
517690 INFO: Analyzing hidden import 'mediapipe.tasks.cc.text.custom_ops'
517690 INFO: Analyzing hidden import 'mediapipe.tasks.cc.text.custom_ops.ragged'
517691 INFO: Analyzing hidden import 'mediapipe.tasks.cc.text.custom_ops.sentencepiece'
517693 INFO: Analyzing hidden import 'mediapipe.tasks.cc.text.custom_ops.sentencepiece.testdata'
517694 INFO: Analyzing hidden import 'mediapipe.tasks.cc.text.language_detector'
517695 INFO: Analyzing hidden import 'mediapipe.tasks.cc.text.language_detector.custom_ops'
517696 INFO: Analyzing hidden import 'mediapipe.tasks.cc.text.language_detector.custom_ops.utils'
517697 INFO: Analyzing hidden import 'mediapipe.tasks.cc.text.language_detector.custom_ops.utils.hash'
517697 INFO: Analyzing hidden import 'mediapipe.tasks.cc.text.language_detector.custom_ops.utils.utf'
517698 INFO: Analyzing hidden import 'mediapipe.tasks.cc.text.tokenizers'
517699 INFO: Analyzing hidden import 'mediapipe.tasks.cc.text.utils'
517699 INFO: Analyzing hidden import 'mediapipe.tasks.cc.vision.core'
517700 INFO: Analyzing hidden import 'mediapipe.tasks.cc.vision.custom_ops'
517701 INFO: Analyzing hidden import 'mediapipe.tasks.cc.vision.face_geometry.calculators.env_generator_calculator_pb2'
517723 INFO: Analyzing hidden import 'mediapipe.tasks.cc.vision.face_geometry.data'
517724 INFO: Analyzing hidden import 'mediapipe.tasks.cc.vision.face_geometry.libs'
517726 INFO: Analyzing hidden import 'mediapipe.tasks.cc.vision.face_geometry.proto.geometry_pipeline_metadata_pb2'
517746 INFO: Analyzing hidden import 'mediapipe.tasks.cc.vision.face_landmarker.proto.tensors_to_face_landmarks_graph_options_pb2'
517767 INFO: Analyzing hidden import 'mediapipe.tasks.cc.vision.face_stylizer.calculators'
517768 INFO: Analyzing hidden import 'mediapipe.tasks.cc.vision.face_stylizer.calculators.tensors_to_image_calculator_pb2'
517771 INFO: Analyzing hidden import 'mediapipe.tasks.cc.vision.gesture_recognizer.calculators'
517773 INFO: Analyzing hidden import 'mediapipe.tasks.cc.vision.gesture_recognizer.calculators.combined_prediction_calculator_pb2'
517776 INFO: Analyzing hidden import 'mediapipe.tasks.cc.vision.gesture_recognizer.calculators.landmarks_to_matrix_calculator_pb2'
517797 INFO: Analyzing hidden import 'mediapipe.tasks.cc.vision.hand_detector.proto.hand_detector_result_pb2'
517819 INFO: Analyzing hidden import 'mediapipe.tasks.cc.vision.hand_landmarker.calculators'
517820 INFO: Analyzing hidden import 'mediapipe.tasks.cc.vision.hand_landmarker.calculators.hand_association_calculator_pb2'
517824 INFO: Analyzing hidden import 'mediapipe.tasks.cc.vision.image_generator'
517825 INFO: Analyzing hidden import 'mediapipe.tasks.cc.vision.image_generator.diffuser'
517827 INFO: Analyzing hidden import 'mediapipe.tasks.cc.vision.image_generator.diffuser.stable_diffusion_iterate_calculator_pb2'
517849 INFO: Analyzing hidden import 'mediapipe.tasks.cc.vision.image_generator.proto'
517850 INFO: Analyzing hidden import 'mediapipe.tasks.cc.vision.image_generator.proto.conditioned_image_graph_options_pb2'
517873 INFO: Analyzing hidden import 'mediapipe.tasks.cc.vision.image_generator.proto.control_plugin_graph_options_pb2'
517895 INFO: Analyzing hidden import 'mediapipe.tasks.cc.vision.image_generator.proto.image_generator_graph_options_pb2'
517898 INFO: Analyzing hidden import 'mediapipe.tasks.cc.vision.interactive_segmenter'
517899 INFO: Analyzing hidden import 'mediapipe.tasks.cc.vision.utils'
517900 INFO: Analyzing hidden import 'mediapipe.tasks.cc.vision.utils.ghum'
517901 INFO: Analyzing hidden import 'mediapipe.tasks.python.benchmark'
517913 INFO: Analyzing hidden import 'mediapipe.tasks.python.benchmark.benchmark_utils'
517927 INFO: Analyzing hidden import 'mediapipe.tasks.python.benchmark.vision'
517930 INFO: Analyzing hidden import 'mediapipe.tasks.python.benchmark.vision.benchmark'
517967 INFO: Analyzing hidden import 'mediapipe.tasks.python.genai.bundler'
518044 INFO: Analyzing hidden import 'mediapipe.tasks.python.genai.bundler.llm_bundler_test'
518053 INFO: Analyzing hidden import 'mediapipe.tasks.python.metadata.metadata'
518681 INFO: Analyzing hidden import 'mediapipe.tasks.python.metadata.metadata_displayer_cli'
518699 INFO: Analyzing hidden import 'mediapipe.tasks.python.metadata.metadata_writers.face_stylizer'
518793 INFO: Analyzing hidden import 'mediapipe.tasks.python.metadata.metadata_writers.image_classifier'
518809 INFO: Analyzing hidden import 'mediapipe.tasks.python.metadata.metadata_writers.image_segmenter'
518843 INFO: Analyzing hidden import 'mediapipe.tasks.python.metadata.metadata_writers.object_detector'
518892 INFO: Analyzing hidden import 'mediapipe.tasks.python.metadata.metadata_writers.text_classifier'
518909 INFO: Analyzing hidden import 'mediapipe.tasks.python.test'
518911 INFO: Analyzing hidden import 'mediapipe.tasks.python.test.audio'
518914 INFO: Analyzing hidden import 'mediapipe.tasks.python.test.audio.audio_classifier_test'
518940 INFO: Processing standard module hook 'hook-scipy.io.matlab.py' from 'C:\\HGR App v1.0.0\\.venv\\Lib\\site-packages\\PyInstaller\\hooks'
519250 INFO: Analyzing hidden import 'mediapipe.tasks.python.test.audio.audio_embedder_test'
519274 INFO: Analyzing hidden import 'mediapipe.tasks.python.test.text'
519277 INFO: Analyzing hidden import 'mediapipe.tasks.python.test.text.language_detector_test'
519296 INFO: Analyzing hidden import 'mediapipe.tasks.python.test.text.text_classifier_test'
519315 INFO: Analyzing hidden import 'mediapipe.tasks.python.test.text.text_embedder_test'
519334 INFO: Analyzing hidden import 'mediapipe.tasks.python.test.vision'
519337 INFO: Analyzing hidden import 'mediapipe.tasks.python.test.vision.face_aligner_test'
519355 INFO: Analyzing hidden import 'mediapipe.tasks.python.test.vision.face_detector_test'
519378 INFO: Analyzing hidden import 'mediapipe.tasks.python.test.vision.face_landmarker_test'
519403 INFO: Analyzing hidden import 'mediapipe.tasks.python.test.vision.face_stylizer_test'
519422 INFO: Analyzing hidden import 'mediapipe.tasks.python.test.vision.hand_landmarker_test'
519447 INFO: Analyzing hidden import 'mediapipe.tasks.python.test.vision.holistic_landmarker_test'
519470 INFO: Analyzing hidden import 'mediapipe.tasks.python.test.vision.image_classifier_test'
519498 INFO: Analyzing hidden import 'mediapipe.tasks.python.test.vision.image_embedder_test'
519523 INFO: Analyzing hidden import 'mediapipe.tasks.python.test.vision.image_segmenter_test'
519547 INFO: Analyzing hidden import 'mediapipe.tasks.python.test.vision.interactive_segmenter_test'
519570 INFO: Analyzing hidden import 'mediapipe.tasks.python.test.vision.object_detector_test'
519595 INFO: Analyzing hidden import 'mediapipe.tasks.python.test.vision.pose_landmarker_test'
519620 INFO: Analyzing hidden import 'mediapipe.util.analytics'
519622 INFO: Analyzing hidden import 'mediapipe.util.analytics.mediapipe_log_extension_pb2'
519667 INFO: Analyzing hidden import 'mediapipe.util.audio_decoder_pb2'
519689 INFO: Analyzing hidden import 'mediapipe.util.sequence'
519691 INFO: Analyzing hidden import 'mediapipe.util.sequence.media_sequence'
519752 INFO: Analyzing hidden import 'mediapipe.util.sequence.media_sequence_test'
519775 INFO: Analyzing hidden import 'mediapipe.util.sequence.media_sequence_util_test'
519800 INFO: Analyzing hidden import 'mediapipe.util.tracking.camera_motion_pb2'
519825 INFO: Analyzing hidden import 'mediapipe.util.tracking.frame_selection_pb2'
519866 INFO: Analyzing hidden import 'mediapipe.util.tracking.push_pull_filtering_pb2'
519869 INFO: Analyzing hidden import 'onnxruntime.backend'
520177 INFO: Analyzing hidden import 'onnxruntime.capi.convert_npz_to_onnx_adapter'
520191 INFO: Analyzing hidden import 'onnxruntime.datasets'
520203 INFO: Analyzing hidden import 'onnxruntime.quantization'
535094 INFO: Analyzing hidden import 'onnxruntime.quantization.matmul_bnb4_quantizer'
535115 INFO: Analyzing hidden import 'onnxruntime.quantization.preprocess'
535130 INFO: Analyzing hidden import 'onnxruntime.quantization.qdq_loss_debug'
535152 INFO: Analyzing hidden import 'onnxruntime.quantization.static_quantize_runner'
535172 INFO: Analyzing hidden import 'onnxruntime.tools.check_onnx_model_mobile_usability'
535238 INFO: Analyzing hidden import 'onnxruntime.tools.convert_onnx_models_to_ort'
535305 INFO: Analyzing hidden import 'onnxruntime.tools.make_dynamic_shape_fixed'
535319 INFO: Analyzing hidden import 'onnxruntime.tools.offline_tuning'
535337 INFO: Analyzing hidden import 'onnxruntime.tools.onnx_randomizer'
535342 INFO: Analyzing hidden import 'onnxruntime.tools.onnxruntime_test'
535349 INFO: Analyzing hidden import 'onnxruntime.tools.optimize_onnx_model'
535361 INFO: Analyzing hidden import 'onnxruntime.tools.ort_format_model.ort_flatbuffers_py'
535363 INFO: Analyzing hidden import 'onnxruntime.tools.ort_format_model.ort_flatbuffers_py.fbs'
535366 INFO: Analyzing hidden import 'onnxruntime.tools.ort_format_model.ort_flatbuffers_py.fbs.ArgType'
535377 INFO: Analyzing hidden import 'onnxruntime.tools.ort_format_model.ort_flatbuffers_py.fbs.ArgTypeAndIndex'
535392 INFO: Analyzing hidden import 'onnxruntime.tools.ort_format_model.ort_flatbuffers_py.fbs.Attribute'
535413 INFO: Analyzing hidden import 'onnxruntime.tools.ort_format_model.ort_flatbuffers_py.fbs.AttributeType'
535416 INFO: Analyzing hidden import 'onnxruntime.tools.ort_format_model.ort_flatbuffers_py.fbs.Checkpoint'
535422 INFO: Analyzing hidden import 'onnxruntime.tools.ort_format_model.ort_flatbuffers_py.fbs.DeprecatedKernelCreateInfos'
535439 INFO: Analyzing hidden import 'onnxruntime.tools.ort_format_model.ort_flatbuffers_py.fbs.DeprecatedNodeIndexAndKernelDefHash'
535454 INFO: Analyzing hidden import 'onnxruntime.tools.ort_format_model.ort_flatbuffers_py.fbs.DeprecatedSessionState'
535469 INFO: Analyzing hidden import 'onnxruntime.tools.ort_format_model.ort_flatbuffers_py.fbs.DeprecatedSubGraphSessionState'
535474 INFO: Analyzing hidden import 'onnxruntime.tools.ort_format_model.ort_flatbuffers_py.fbs.Dimension'
535478 INFO: Analyzing hidden import 'onnxruntime.tools.ort_format_model.ort_flatbuffers_py.fbs.DimensionValue'
535493 INFO: Analyzing hidden import 'onnxruntime.tools.ort_format_model.ort_flatbuffers_py.fbs.DimensionValueType'
535504 INFO: Analyzing hidden import 'onnxruntime.tools.ort_format_model.ort_flatbuffers_py.fbs.EdgeEnd'
535517 INFO: Analyzing hidden import 'onnxruntime.tools.ort_format_model.ort_flatbuffers_py.fbs.FloatProperty'
535530 INFO: Analyzing hidden import 'onnxruntime.tools.ort_format_model.ort_flatbuffers_py.fbs.Graph'
535553 INFO: Analyzing hidden import 'onnxruntime.tools.ort_format_model.ort_flatbuffers_py.fbs.InferenceSession'
535558 INFO: Analyzing hidden import 'onnxruntime.tools.ort_format_model.ort_flatbuffers_py.fbs.IntProperty'
535572 INFO: Analyzing hidden import 'onnxruntime.tools.ort_format_model.ort_flatbuffers_py.fbs.KernelTypeStrArgsEntry'
535577 INFO: Analyzing hidden import 'onnxruntime.tools.ort_format_model.ort_flatbuffers_py.fbs.KernelTypeStrResolver'
535592 INFO: Analyzing hidden import 'onnxruntime.tools.ort_format_model.ort_flatbuffers_py.fbs.MapType'
535597 INFO: Analyzing hidden import 'onnxruntime.tools.ort_format_model.ort_flatbuffers_py.fbs.Model'
535617 INFO: Analyzing hidden import 'onnxruntime.tools.ort_format_model.ort_flatbuffers_py.fbs.ModuleState'
535633 INFO: Analyzing hidden import 'onnxruntime.tools.ort_format_model.ort_flatbuffers_py.fbs.Node'
535655 INFO: Analyzing hidden import 'onnxruntime.tools.ort_format_model.ort_flatbuffers_py.fbs.NodeEdge'
535660 INFO: Analyzing hidden import 'onnxruntime.tools.ort_format_model.ort_flatbuffers_py.fbs.NodeType'
535672 INFO: Analyzing hidden import 'onnxruntime.tools.ort_format_model.ort_flatbuffers_py.fbs.NodesToOptimizeIndices'
535689 INFO: Analyzing hidden import 'onnxruntime.tools.ort_format_model.ort_flatbuffers_py.fbs.OpIdKernelTypeStrArgsEntry'
535706 INFO: Analyzing hidden import 'onnxruntime.tools.ort_format_model.ort_flatbuffers_py.fbs.OperatorSetId'
535722 INFO: Analyzing hidden import 'onnxruntime.tools.ort_format_model.ort_flatbuffers_py.fbs.OptimizerGroup'
535738 INFO: Analyzing hidden import 'onnxruntime.tools.ort_format_model.ort_flatbuffers_py.fbs.ParameterOptimizerState'
535755 INFO: Analyzing hidden import 'onnxruntime.tools.ort_format_model.ort_flatbuffers_py.fbs.PropertyBag'
535773 INFO: Analyzing hidden import 'onnxruntime.tools.ort_format_model.ort_flatbuffers_py.fbs.RuntimeOptimizationRecord'
535778 INFO: Analyzing hidden import 'onnxruntime.tools.ort_format_model.ort_flatbuffers_py.fbs.RuntimeOptimizationRecordContainerEntry'
535785 INFO: Analyzing hidden import 'onnxruntime.tools.ort_format_model.ort_flatbuffers_py.fbs.RuntimeOptimizations'
535799 INFO: Analyzing hidden import 'onnxruntime.tools.ort_format_model.ort_flatbuffers_py.fbs.SequenceType'
535813 INFO: Analyzing hidden import 'onnxruntime.tools.ort_format_model.ort_flatbuffers_py.fbs.Shape'
535829 INFO: Analyzing hidden import 'onnxruntime.tools.ort_format_model.ort_flatbuffers_py.fbs.SparseTensor'
535844 INFO: Analyzing hidden import 'onnxruntime.tools.ort_format_model.ort_flatbuffers_py.fbs.StringProperty'
535860 INFO: Analyzing hidden import 'onnxruntime.tools.ort_format_model.ort_flatbuffers_py.fbs.StringStringEntry'
535875 INFO: Analyzing hidden import 'onnxruntime.tools.ort_format_model.ort_flatbuffers_py.fbs.Tensor'
535893 INFO: Analyzing hidden import 'onnxruntime.tools.ort_format_model.ort_flatbuffers_py.fbs.TensorDataType'
535906 INFO: Analyzing hidden import 'onnxruntime.tools.ort_format_model.ort_flatbuffers_py.fbs.TensorTypeAndShape'
535920 INFO: Analyzing hidden import 'onnxruntime.tools.ort_format_model.ort_flatbuffers_py.fbs.TypeInfo'
535924 INFO: Analyzing hidden import 'onnxruntime.tools.ort_format_model.ort_flatbuffers_py.fbs.TypeInfoValue'
535935 INFO: Analyzing hidden import 'onnxruntime.tools.ort_format_model.ort_flatbuffers_py.fbs.ValueInfo'
535939 INFO: Analyzing hidden import 'onnxruntime.tools.pytorch_export_contrib_ops'
535958 INFO: Analyzing hidden import 'onnxruntime.tools.qdq_helpers'
535959 INFO: Analyzing hidden import 'onnxruntime.tools.qdq_helpers.optimize_qdq_model'
535972 INFO: Analyzing hidden import 'onnxruntime.tools.reduced_build_config_parser'
535989 INFO: Analyzing hidden import 'onnxruntime.tools.remove_initializer_from_input'
536003 INFO: Analyzing hidden import 'onnxruntime.tools.update_onnx_opset'
536019 INFO: Analyzing hidden import 'onnxruntime.transformers.affinity_helper'
536032 INFO: Analyzing hidden import 'onnxruntime.transformers.benchmark'
536065 INFO: Analyzing hidden import 'onnxruntime.transformers.benchmark_helper'
536097 INFO: Analyzing hidden import 'onnxruntime.transformers.bert_perf_test'
536127 INFO: Analyzing hidden import 'onnxruntime.transformers.bert_test_data'
536155 INFO: Analyzing hidden import 'onnxruntime.transformers.compare_bert_results'
536175 INFO: Analyzing hidden import 'onnxruntime.transformers.constants'
536188 INFO: Analyzing hidden import 'onnxruntime.transformers.convert_generation'
536407 INFO: Analyzing hidden import 'onnxruntime.transformers.convert_tf_models_to_pytorch'
536427 INFO: Analyzing hidden import 'onnxruntime.transformers.convert_to_packing_mode'
536453 INFO: Analyzing hidden import 'onnxruntime.transformers.dynamo_onnx_helper'
536476 INFO: Analyzing hidden import 'onnxruntime.transformers.float16'
536489 INFO: Analyzing hidden import 'onnxruntime.transformers.fusion_attention'
536525 INFO: Analyzing hidden import 'onnxruntime.transformers.fusion_attention_clip'
536544 INFO: Analyzing hidden import 'onnxruntime.transformers.fusion_attention_sam2'
536567 INFO: Analyzing hidden import 'onnxruntime.transformers.fusion_attention_unet'
536605 INFO: Analyzing hidden import 'onnxruntime.transformers.fusion_attention_vae'
536624 INFO: Analyzing hidden import 'onnxruntime.transformers.fusion_bart_attention'
536647 INFO: Analyzing hidden import 'onnxruntime.transformers.fusion_base'
536664 INFO: Analyzing hidden import 'onnxruntime.transformers.fusion_bias_add'
536677 INFO: Analyzing hidden import 'onnxruntime.transformers.fusion_biasgelu'
536693 INFO: Analyzing hidden import 'onnxruntime.transformers.fusion_biassplitgelu'
536709 INFO: Analyzing hidden import 'onnxruntime.transformers.fusion_conformer_attention'
536726 INFO: Analyzing hidden import 'onnxruntime.transformers.fusion_constant_fold'
536734 INFO: Analyzing hidden import 'onnxruntime.transformers.fusion_embedlayer'
536763 INFO: Analyzing hidden import 'onnxruntime.transformers.fusion_fastgelu'
536788 INFO: Analyzing hidden import 'onnxruntime.transformers.fusion_gelu'
536809 INFO: Analyzing hidden import 'onnxruntime.transformers.fusion_gelu_approximation'
536821 INFO: Analyzing hidden import 'onnxruntime.transformers.fusion_gemmfastgelu'
536837 INFO: Analyzing hidden import 'onnxruntime.transformers.fusion_gpt_attention'
536860 INFO: Analyzing hidden import 'onnxruntime.transformers.fusion_gpt_attention_megatron'
536881 INFO: Analyzing hidden import 'onnxruntime.transformers.fusion_gpt_attention_no_past'
536901 INFO: Analyzing hidden import 'onnxruntime.transformers.fusion_group_norm'
536907 INFO: Analyzing hidden import 'onnxruntime.transformers.fusion_layernorm'
536933 INFO: Analyzing hidden import 'onnxruntime.transformers.fusion_mha_mmdit'
536957 INFO: Analyzing hidden import 'onnxruntime.transformers.fusion_nhwc_conv'
536974 INFO: Analyzing hidden import 'onnxruntime.transformers.fusion_options'
536991 INFO: Analyzing hidden import 'onnxruntime.transformers.fusion_qordered_attention'
537015 INFO: Analyzing hidden import 'onnxruntime.transformers.fusion_qordered_gelu'
537022 INFO: Analyzing hidden import 'onnxruntime.transformers.fusion_qordered_layernorm'
537036 INFO: Analyzing hidden import 'onnxruntime.transformers.fusion_qordered_matmul'
537053 INFO: Analyzing hidden import 'onnxruntime.transformers.fusion_quickgelu'
537057 INFO: Analyzing hidden import 'onnxruntime.transformers.fusion_reshape'
537075 INFO: Analyzing hidden import 'onnxruntime.transformers.fusion_rotary_attention'
537125 INFO: Analyzing hidden import 'onnxruntime.transformers.fusion_shape'
537131 INFO: Analyzing hidden import 'onnxruntime.transformers.fusion_simplified_layernorm'
537150 INFO: Analyzing hidden import 'onnxruntime.transformers.fusion_skip_group_norm'
537167 INFO: Analyzing hidden import 'onnxruntime.transformers.fusion_skiplayernorm'
537187 INFO: Analyzing hidden import 'onnxruntime.transformers.fusion_transpose'
537206 INFO: Analyzing hidden import 'onnxruntime.transformers.fusion_utils'
537214 INFO: Analyzing hidden import 'onnxruntime.transformers.huggingface_models'
537228 INFO: Analyzing hidden import 'onnxruntime.transformers.import_utils'
537242 INFO: Analyzing hidden import 'onnxruntime.transformers.io_binding_helper'
537279 INFO: Analyzing hidden import 'onnxruntime.transformers.large_model_exporter'
537308 INFO: Analyzing hidden import 'onnxruntime.transformers.metrics'
537331 INFO: Analyzing hidden import 'onnxruntime.transformers.onnx_exporter'
537411 INFO: Analyzing hidden import 'onnxruntime.transformers.onnx_model'
537464 INFO: Analyzing hidden import 'onnxruntime.transformers.onnx_model_bart'
537485 INFO: Analyzing hidden import 'onnxruntime.transformers.onnx_model_bert'
537518 INFO: Analyzing hidden import 'onnxruntime.transformers.onnx_model_bert_keras'
537550 INFO: Analyzing hidden import 'onnxruntime.transformers.onnx_model_bert_tf'
537584 INFO: Analyzing hidden import 'onnxruntime.transformers.onnx_model_clip'
537601 INFO: Analyzing hidden import 'onnxruntime.transformers.onnx_model_conformer'
537616 INFO: Analyzing hidden import 'onnxruntime.transformers.onnx_model_gpt2'
537637 INFO: Analyzing hidden import 'onnxruntime.transformers.onnx_model_mmdit'
537677 INFO: Analyzing hidden import 'onnxruntime.transformers.onnx_model_phi'
537730 INFO: Analyzing hidden import 'onnxruntime.transformers.onnx_model_sam2'
537752 INFO: Analyzing hidden import 'onnxruntime.transformers.onnx_model_t5'
537793 INFO: Analyzing hidden import 'onnxruntime.transformers.onnx_model_tnlr'
537818 INFO: Analyzing hidden import 'onnxruntime.transformers.onnx_model_unet'
537842 INFO: Analyzing hidden import 'onnxruntime.transformers.onnx_model_vae'
537858 INFO: Analyzing hidden import 'onnxruntime.transformers.optimizer'
537886 INFO: Analyzing hidden import 'onnxruntime.transformers.past_helper'
537902 INFO: Analyzing hidden import 'onnxruntime.transformers.profile_result_processor'
537924 INFO: Analyzing hidden import 'onnxruntime.transformers.profiler'
537945 INFO: Analyzing hidden import 'onnxruntime.transformers.quantize_helper'
537950 INFO: Analyzing hidden import 'onnxruntime.transformers.shape_infer_helper'
537954 INFO: Analyzing hidden import 'onnxruntime.transformers.shape_optimizer'
537983 INFO: Analyzing hidden import 'onnxruntime.transformers.torch_onnx_export_helper'
537987 INFO: Analyzing hidden import 'keyboard'
538134 INFO: Processing module hooks (post-graph stage)...
539490 WARNING: Hidden import "pycparser.lextab" not found!
539491 WARNING: Hidden import "pycparser.yacctab" not found!
540029 INFO: Processing standard module hook 'hook-matplotlib.backends.py' from 'C:\\HGR App v1.0.0\\.venv\\Lib\\site-packages\\PyInstaller\\hooks'
540031 INFO: Matplotlib backend selection method: automatic discovery of used backends
540061 INFO: Discovered Matplotlib backend(s) via `matplotlib.use()` call in module 'sympy.testing.runtests': ['Agg', 'Agg']
540061 INFO: The following Matplotlib backends were discovered by scanning for `matplotlib.use()` calls: ['Agg']. If your backend of choice is not in this list, either add a `matplotlib.use()` call to your code, or configure the backend collection via hook options (see: https://pyinstaller.org/en/stable/hooks-config.html#matplotlib-hooks).
540062 INFO: Selected matplotlib backends: ['Agg']
540999 INFO: Processing standard module hook 'hook-PIL.SpiderImagePlugin.py' from 'C:\\HGR App v1.0.0\\.venv\\Lib\\site-packages\\PyInstaller\\hooks'
547446 WARNING: Hidden import "scipy.special._cdflib" not found!
547541 INFO: Processing standard module hook 'hook-tzdata.py' from 'C:\\HGR App v1.0.0\\.venv\\Lib\\site-packages\\_pyinstaller_hooks_contrib\\stdhooks'
548641 INFO: Performing binary vs. data reclassification (5578 entries)
575486 INFO: Looking for ctypes DLLs
576163 INFO: Analyzing run-time hooks ...
576199 INFO: Including run-time hook 'pyi_rth_inspect.py' from 'C:\\HGR App v1.0.0\\.venv\\Lib\\site-packages\\PyInstaller\\hooks\\rthooks'
576203 INFO: Including run-time hook 'pyi_rth_pkgutil.py' from 'C:\\HGR App v1.0.0\\.venv\\Lib\\site-packages\\PyInstaller\\hooks\\rthooks'
576207 INFO: Including run-time hook 'pyi_rth_multiprocessing.py' from 'C:\\HGR App v1.0.0\\.venv\\Lib\\site-packages\\PyInstaller\\hooks\\rthooks'
576212 INFO: Including run-time hook 'pyi_rth_mplconfig.py' from 'C:\\HGR App v1.0.0\\.venv\\Lib\\site-packages\\PyInstaller\\hooks\\rthooks'
576214 INFO: Processing pre-find-module-path hook 'hook-_pyi_rth_utils.py' from 'C:\\HGR App v1.0.0\\.venv\\Lib\\site-packages\\PyInstaller\\hooks\\pre_find_module_path'
576216 INFO: Processing standard module hook 'hook-_pyi_rth_utils.py' from 'C:\\HGR App v1.0.0\\.venv\\Lib\\site-packages\\PyInstaller\\hooks'
576225 INFO: Including run-time hook 'pyi_rth_setuptools.py' from 'C:\\HGR App v1.0.0\\.venv\\Lib\\site-packages\\PyInstaller\\hooks\\rthooks'
576229 INFO: Including run-time hook 'pyi_rth_cryptography_openssl.py' from 'C:\\HGR App v1.0.0\\.venv\\Lib\\site-packages\\_pyinstaller_hooks_contrib\\rthooks'
576233 INFO: Including run-time hook 'pyi_rth_pyside6.py' from 'C:\\HGR App v1.0.0\\.venv\\Lib\\site-packages\\PyInstaller\\hooks\\rthooks'
576501 INFO: Creating base_library.zip...
576541 INFO: Looking for dynamic libraries
C:\HGR App v1.0.0\.venv\Lib\site-packages\PyInstaller\building\build_main.py:227: UserWarning: The numpy.array_api submodule is still experimental. See NEP 47.
  __import__(package)
590183 INFO: Extra DLL search directories (AddDllDirectory): ['C:\\HGR App v1.0.0\\.venv\\Lib\\site-packages\\shiboken6', 'C:\\HGR App v1.0.0\\.venv\\Lib\\site-packages\\numpy.libs', 'C:\\HGR App v1.0.0\\.venv\\Lib\\site-packages\\cv2\\../../x64/vc14/bin', 'C:\\HGR App v1.0.0\\.venv\\Lib\\site-packages\\pandas.libs', 'C:\\HGR App v1.0.0\\.venv\\Lib\\site-packages\\scipy.libs', 'C:\\HGR App v1.0.0\\.venv\\Lib\\site-packages\\llvmlite.libs', 'C:\\HGR App v1.0.0\\.venv\\Lib\\site-packages\\av.libs', 'C:\\HGR App v1.0.0\\.venv\\Lib\\site-packages\\ctranslate2', 'C:\\HGR App v1.0.0\\.venv\\Lib\\site-packages\\ctranslate2/../_rocm_sdk_core/bin']
590184 INFO: Extra DLL search directories (PATH): ['C:\\HGR App v1.0.0\\.venv\\Lib\\site-packages\\cv2\\../../x64/vc14/bin', 'C:\\HGR App v1.0.0\\.venv\\Lib\\site-packages\\PySide6']
608029 WARNING: Library not found: could not resolve 'fbclient.dll', dependency of 'C:\\HGR App v1.0.0\\.venv\\Lib\\site-packages\\PySide6\\plugins\\sqldrivers\\qsqlibase.dll'.
608031 WARNING: Library not found: could not resolve 'MIMAPI64.dll', dependency of 'C:\\HGR App v1.0.0\\.venv\\Lib\\site-packages\\PySide6\\plugins\\sqldrivers\\qsqlmimer.dll'.
608032 WARNING: Library not found: could not resolve 'OCI.dll', dependency of 'C:\\HGR App v1.0.0\\.venv\\Lib\\site-packages\\PySide6\\plugins\\sqldrivers\\qsqloci.dll'.
608032 WARNING: Library not found: could not resolve 'LIBPQ.dll', dependency of 'C:\\HGR App v1.0.0\\.venv\\Lib\\site-packages\\PySide6\\plugins\\sqldrivers\\qsqlpsql.dll'.
608034 WARNING: Library not found: could not resolve 'Qt6QuickShapesDesignHelpers.dll', dependency of 'C:\\HGR App v1.0.0\\.venv\\Lib\\site-packages\\PySide6\\qml\\QtQuick\\Shapes\\DesignHelpers\\qtquickshapesdesignhelpersplugin.dll'.
608041 WARNING: Library not found: could not resolve 'tbb12.dll', dependency of 'C:\\HGR App v1.0.0\\.venv\\Lib\\site-packages\\numba\\np\\ufunc\\tbbpool.cp312-win_amd64.pyd'.
608786 INFO: Warnings written to C:\HGR App v1.0.0\build\hgr_app\warn-hgr_app.txt
609864 INFO: Graph cross-reference written to C:\HGR App v1.0.0\build\hgr_app\xref-hgr_app.html
610422 INFO: checking PYZ
610423 INFO: Building PYZ because PYZ-00.toc is non existent
610423 INFO: Building PYZ (ZlibArchive) C:\HGR App v1.0.0\build\hgr_app\PYZ-00.pyz
616723 INFO: Building PYZ (ZlibArchive) C:\HGR App v1.0.0\build\hgr_app\PYZ-00.pyz completed successfully.
616867 INFO: checking PKG
616868 INFO: Building PKG because PKG-00.toc is non existent
616868 INFO: Building PKG (CArchive) Touchless.pkg
616962 INFO: Building PKG (CArchive) Touchless.pkg completed successfully.
616965 INFO: Bootloader C:\HGR App v1.0.0\.venv\Lib\site-packages\PyInstaller\bootloader\Windows-64bit-intel\runw.exe
616966 INFO: checking EXE
616967 INFO: Building EXE because EXE-00.toc is non existent
616967 INFO: Building EXE from EXE-00.toc
616967 INFO: Copying bootloader EXE to C:\HGR App v1.0.0\build\hgr_app\Touchless.exe
616981 INFO: Copying icon to EXE
617051 INFO: Copying 0 resources to EXE
617051 INFO: Embedding manifest in EXE
617114 INFO: Appending PKG archive to EXE
617261 INFO: Fixing EXE headers
618922 INFO: Building EXE from EXE-00.toc completed successfully.
618995 INFO: checking COLLECT
618995 INFO: Building COLLECT because COLLECT-00.toc is non existent
618997 INFO: Building COLLECT COLLECT-00.toc
635883 INFO: Building COLLECT COLLECT-00.toc completed successfully.
636003 INFO: Build complete! The results are available in: C:\HGR App v1.0.0\dist
